14:15:14 CV start — 20 service days, 5 folds, N=27494
14:15:14 FOLD 1/5 start | train delayed 4440 | test delayed 1159 | test days ['2026-03-11', '2026-03-14', '2026-03-27']
14:15:15   [Phase 1] training autoencoder...
14:15:51     final AE MSE train=0.33774 val=0.31632
14:15:52   training AE+MLP...
14:15:55   training AE+XGBoost...
14:15:56   training AE+RF...
14:15:58   training AE+LR...
14:16:00   training AE+LSTM (latent sequence)...
14:16:15   training AE+GRU (latent sequence)...
14:16:29     AE+MLP      F1 0.584 ROC-AUC 0.853
14:16:29     AE+XGBoost  F1 0.614 ROC-AUC 0.861
14:16:29     AE+RF       F1 0.605 ROC-AUC 0.861
14:16:29     AE+LR       F1 0.564 ROC-AUC 0.829
14:16:29     AE+LSTM     F1 0.580 ROC-AUC 0.847
14:16:29     AE+GRU      F1 0.576 ROC-AUC 0.851
14:16:29 FOLD 1/5 done -> ./artifacts_ae_cnn_relaxed_norain/cv_fold1.pkl
14:16:29 FOLD 2/5 start | train delayed 4470 | test delayed 1129 | test days ['2026-03-17', '2026-03-23', '2026-03-25', '2026-03-31']
14:16:29   [Phase 1] training autoencoder...
14:17:05     final AE MSE train=0.33865 val=0.28091
14:17:05   training AE+MLP...
14:17:08   training AE+XGBoost...
14:17:26   training AE+RF...
14:17:28   training AE+LR...
14:17:30   training AE+LSTM (latent sequence)...
14:17:45   training AE+GRU (latent sequence)...
14:17:59     AE+MLP      F1 0.548 ROC-AUC 0.828
14:17:59     AE+XGBoost  F1 0.573 ROC-AUC 0.818
14:17:59     AE+RF       F1 0.561 ROC-AUC 0.831
14:17:59     AE+LR       F1 0.516 ROC-AUC 0.792
14:17:59     AE+LSTM     F1 0.543 ROC-AUC 0.820
14:17:59     AE+GRU      F1 0.540 ROC-AUC 0.825
14:17:59 FOLD 2/5 done -> ./artifacts_ae_cnn_relaxed_norain/cv_fold2.pkl
14:17:59 FOLD 3/5 start | train delayed 4528 | test delayed 1071 | test days ['2026-03-10', '2026-03-16', '2026-03-21', '2026-03-26', '2026-03-29']
14:17:59   [Phase 1] training autoencoder...
14:18:34     final AE MSE train=0.33977 val=0.30476
14:18:35   training AE+MLP...
14:18:38   training AE+XGBoost...
14:18:39   training AE+RF...
14:18:42   training AE+LR...
14:18:44   training AE+LSTM (latent sequence)...
14:18:58   training AE+GRU (latent sequence)...
14:19:12     AE+MLP      F1 0.574 ROC-AUC 0.840
14:19:12     AE+XGBoost  F1 0.582 ROC-AUC 0.847
14:19:12     AE+RF       F1 0.564 ROC-AUC 0.841
14:19:12     AE+LR       F1 0.531 ROC-AUC 0.815
14:19:12     AE+LSTM     F1 0.578 ROC-AUC 0.844
14:19:12     AE+GRU      F1 0.581 ROC-AUC 0.853
14:19:12 FOLD 3/5 done -> ./artifacts_ae_cnn_relaxed_norain/cv_fold3.pkl
14:19:12 FOLD 4/5 start | train delayed 4476 | test delayed 1123 | test days ['2026-03-12', '2026-03-13', '2026-03-22', '2026-03-28']
14:19:13   [Phase 1] training autoencoder...
14:19:48     final AE MSE train=0.34144 val=0.31461
14:19:49   training AE+MLP...
14:19:52   training AE+XGBoost...
14:19:57   training AE+RF...
14:20:00   training AE+LR...
14:20:01   training AE+LSTM (latent sequence)...
14:20:16   training AE+GRU (latent sequence)...
14:20:30     AE+MLP      F1 0.533 ROC-AUC 0.818
14:20:30     AE+XGBoost  F1 0.553 ROC-AUC 0.825
14:20:30     AE+RF       F1 0.555 ROC-AUC 0.826
14:20:30     AE+LR       F1 0.515 ROC-AUC 0.797
14:20:30     AE+LSTM     F1 0.546 ROC-AUC 0.812
14:20:30     AE+GRU      F1 0.543 ROC-AUC 0.830
14:20:30 FOLD 4/5 done -> ./artifacts_ae_cnn_relaxed_norain/cv_fold4.pkl
14:20:30 FOLD 5/5 start | train delayed 4482 | test delayed 1117 | test days ['2026-03-15', '2026-03-20', '2026-03-24', '2026-03-30']
14:20:30   [Phase 1] training autoencoder...
14:21:06     final AE MSE train=0.33793 val=0.31442
14:21:07   training AE+MLP...
14:21:09   training AE+XGBoost...
14:21:16   training AE+RF...
14:21:18   training AE+LR...
14:21:19   training AE+LSTM (latent sequence)...
14:21:34   training AE+GRU (latent sequence)...
14:21:48     AE+MLP      F1 0.551 ROC-AUC 0.835
14:21:48     AE+XGBoost  F1 0.586 ROC-AUC 0.845
14:21:48     AE+RF       F1 0.585 ROC-AUC 0.842
14:21:48     AE+LR       F1 0.539 ROC-AUC 0.814
14:21:48     AE+LSTM     F1 0.543 ROC-AUC 0.838
14:21:48     AE+GRU      F1 0.569 ROC-AUC 0.846
14:21:48 FOLD 5/5 done -> ./artifacts_ae_cnn_relaxed_norain/cv_fold5.pkl
14:21:48 CV complete
