15:07:45 CV start — 20 service days, 5 folds, N=30546
15:07:45 FOLD 1/5 start | train delayed 5146 | test delayed 1241 | test days ['2026-03-20', '2026-03-23', '2026-03-27', '2026-03-29']
15:07:45   [Phase 1] training autoencoder...
15:08:25     final AE MSE train=0.31063 val=1.05950
15:08:26   training AE+MLP...
15:08:29   training AE+XGBoost...
15:08:34   training AE+RF...
15:08:37   training AE+LR...
15:08:39   training AE+LSTM (latent sequence)...
15:08:56   training AE+GRU (latent sequence)...
15:09:11     AE+MLP      F1 0.470 ROC-AUC 0.762
15:09:11     AE+XGBoost  F1 0.491 ROC-AUC 0.765
15:09:11     AE+RF       F1 0.483 ROC-AUC 0.783
15:09:11     AE+LR       F1 0.448 ROC-AUC 0.750
15:09:11     AE+LSTM     F1 0.471 ROC-AUC 0.762
15:09:11     AE+GRU      F1 0.468 ROC-AUC 0.768
15:09:11 FOLD 1/5 done -> ./artifacts_ae_cnn_allrelaxed/cv_fold1.pkl
15:09:11 FOLD 2/5 start | train delayed 5081 | test delayed 1306 | test days ['2026-03-12', '2026-03-13', '2026-03-22', '2026-03-28']
15:09:12   [Phase 1] training autoencoder...
15:09:51     final AE MSE train=0.31784 val=0.32178
15:09:52   training AE+MLP...
15:09:55   training AE+XGBoost...
15:10:07   training AE+RF...
15:10:10   training AE+LR...
15:10:12   training AE+LSTM (latent sequence)...
15:10:28   training AE+GRU (latent sequence)...
15:10:44     AE+MLP      F1 0.539 ROC-AUC 0.807
15:10:44     AE+XGBoost  F1 0.543 ROC-AUC 0.818
15:10:44     AE+RF       F1 0.551 ROC-AUC 0.818
15:10:44     AE+LR       F1 0.510 ROC-AUC 0.777
15:10:44     AE+LSTM     F1 0.527 ROC-AUC 0.808
15:10:44     AE+GRU      F1 0.536 ROC-AUC 0.813
15:10:44 FOLD 2/5 done -> ./artifacts_ae_cnn_allrelaxed/cv_fold2.pkl
15:10:44 FOLD 3/5 start | train delayed 5153 | test delayed 1234 | test days ['2026-03-10', '2026-03-15', '2026-03-16', '2026-03-21', '2026-03-24']
15:10:45   [Phase 1] training autoencoder...
15:11:24     final AE MSE train=0.31892 val=0.27879
15:11:25   training AE+MLP...
15:11:28   training AE+XGBoost...
15:11:39   training AE+RF...
15:11:41   training AE+LR...
15:11:43   training AE+LSTM (latent sequence)...
15:12:00   training AE+GRU (latent sequence)...
15:12:16     AE+MLP      F1 0.550 ROC-AUC 0.824
15:12:16     AE+XGBoost  F1 0.587 ROC-AUC 0.835
15:12:16     AE+RF       F1 0.578 ROC-AUC 0.835
15:12:16     AE+LR       F1 0.527 ROC-AUC 0.801
15:12:16     AE+LSTM     F1 0.533 ROC-AUC 0.825
15:12:16     AE+GRU      F1 0.555 ROC-AUC 0.832
15:12:16 FOLD 3/5 done -> ./artifacts_ae_cnn_allrelaxed/cv_fold3.pkl
15:12:16 FOLD 4/5 start | train delayed 5032 | test delayed 1355 | test days ['2026-03-11', '2026-03-26', '2026-03-30']
15:12:16   [Phase 1] training autoencoder...
15:12:56     final AE MSE train=0.31974 val=0.25631
15:12:57   training AE+MLP...
15:13:00   training AE+XGBoost...
15:13:10   training AE+RF...
15:13:13   training AE+LR...
15:13:15   training AE+LSTM (latent sequence)...
15:13:32   training AE+GRU (latent sequence)...
15:13:48     AE+MLP      F1 0.605 ROC-AUC 0.852
15:13:48     AE+XGBoost  F1 0.634 ROC-AUC 0.865
15:13:48     AE+RF       F1 0.635 ROC-AUC 0.864
15:13:48     AE+LR       F1 0.574 ROC-AUC 0.824
15:13:48     AE+LSTM     F1 0.589 ROC-AUC 0.853
15:13:48     AE+GRU      F1 0.596 ROC-AUC 0.858
15:13:48 FOLD 4/5 done -> ./artifacts_ae_cnn_allrelaxed/cv_fold4.pkl
15:13:48 FOLD 5/5 start | train delayed 5136 | test delayed 1251 | test days ['2026-03-14', '2026-03-17', '2026-03-25', '2026-03-31']
15:13:49   [Phase 1] training autoencoder...
15:14:28     final AE MSE train=0.31887 val=0.26100
15:14:29   training AE+MLP...
15:14:32   training AE+XGBoost...
15:14:47   training AE+RF...
15:14:50   training AE+LR...
15:14:52   training AE+LSTM (latent sequence)...
15:15:09   training AE+GRU (latent sequence)...
15:15:25     AE+MLP      F1 0.581 ROC-AUC 0.847
15:15:25     AE+XGBoost  F1 0.617 ROC-AUC 0.866
15:15:25     AE+RF       F1 0.616 ROC-AUC 0.867
15:15:25     AE+LR       F1 0.546 ROC-AUC 0.817
15:15:25     AE+LSTM     F1 0.575 ROC-AUC 0.850
15:15:25     AE+GRU      F1 0.592 ROC-AUC 0.862
15:15:25 FOLD 5/5 done -> ./artifacts_ae_cnn_allrelaxed/cv_fold5.pkl
15:15:25 CV complete
