14:01:02 CV start — 20 service days, 5 folds, N=27494
14:01:02 FOLD 1/5 start | train delayed 4440 | test delayed 1159 | test days ['2026-03-11', '2026-03-14', '2026-03-27']
14:01:03   [Phase 1] training autoencoder...
14:01:39     final AE MSE train=0.33039 val=0.29772
14:01:40   training AE+MLP...
14:01:42   training AE+XGBoost...
14:01:58   training AE+RF...
14:02:01   training AE+LR...
14:02:02   training AE+LSTM (latent sequence)...
14:02:17   training AE+GRU (latent sequence)...
14:02:31     AE+MLP      F1 0.585 ROC-AUC 0.853
14:02:31     AE+XGBoost  F1 0.609 ROC-AUC 0.858
14:02:31     AE+RF       F1 0.599 ROC-AUC 0.855
14:02:31     AE+LR       F1 0.570 ROC-AUC 0.833
14:02:31     AE+LSTM     F1 0.567 ROC-AUC 0.843
14:02:31     AE+GRU      F1 0.599 ROC-AUC 0.859
14:02:31 FOLD 1/5 done -> ./artifacts_ae_cnn_relaxed/cv_fold1.pkl
14:02:31 FOLD 2/5 start | train delayed 4470 | test delayed 1129 | test days ['2026-03-17', '2026-03-23', '2026-03-25', '2026-03-31']
14:02:31   [Phase 1] training autoencoder...
14:03:06     final AE MSE train=0.32994 val=1.15700
14:03:07   training AE+MLP...
14:03:09   training AE+XGBoost...
14:03:17   training AE+RF...
14:03:19   training AE+LR...
14:03:21   training AE+LSTM (latent sequence)...
14:03:36   training AE+GRU (latent sequence)...
14:03:50     AE+MLP      F1 0.542 ROC-AUC 0.811
14:03:50     AE+XGBoost  F1 0.566 ROC-AUC 0.831
14:03:50     AE+RF       F1 0.559 ROC-AUC 0.835
14:03:50     AE+LR       F1 0.507 ROC-AUC 0.779
14:03:50     AE+LSTM     F1 0.532 ROC-AUC 0.815
14:03:50     AE+GRU      F1 0.529 ROC-AUC 0.808
14:03:50 FOLD 2/5 done -> ./artifacts_ae_cnn_relaxed/cv_fold2.pkl
14:03:50 FOLD 3/5 start | train delayed 4528 | test delayed 1071 | test days ['2026-03-10', '2026-03-16', '2026-03-21', '2026-03-26', '2026-03-29']
14:03:50   [Phase 1] training autoencoder...
14:04:26     final AE MSE train=0.33062 val=0.28706
14:04:26   training AE+MLP...
14:04:29   training AE+XGBoost...
14:04:34   training AE+RF...
14:04:37   training AE+LR...
14:04:39   training AE+LSTM (latent sequence)...
14:04:53   training AE+GRU (latent sequence)...
14:05:07     AE+MLP      F1 0.557 ROC-AUC 0.841
14:05:07     AE+XGBoost  F1 0.598 ROC-AUC 0.849
14:05:07     AE+RF       F1 0.571 ROC-AUC 0.843
14:05:07     AE+LR       F1 0.530 ROC-AUC 0.814
14:05:07     AE+LSTM     F1 0.558 ROC-AUC 0.833
14:05:07     AE+GRU      F1 0.567 ROC-AUC 0.846
14:05:07 FOLD 3/5 done -> ./artifacts_ae_cnn_relaxed/cv_fold3.pkl
14:05:07 FOLD 4/5 start | train delayed 4476 | test delayed 1123 | test days ['2026-03-12', '2026-03-13', '2026-03-22', '2026-03-28']
14:05:08   [Phase 1] training autoencoder...
14:05:43     final AE MSE train=0.33650 val=0.31986
14:05:44   training AE+MLP...
14:05:46   training AE+XGBoost...
14:06:06   training AE+RF...
14:06:09   training AE+LR...
14:06:10   training AE+LSTM (latent sequence)...
14:06:25   training AE+GRU (latent sequence)...
14:06:39     AE+MLP      F1 0.534 ROC-AUC 0.808
14:06:39     AE+XGBoost  F1 0.556 ROC-AUC 0.818
14:06:39     AE+RF       F1 0.560 ROC-AUC 0.819
14:06:39     AE+LR       F1 0.510 ROC-AUC 0.783
14:06:39     AE+LSTM     F1 0.530 ROC-AUC 0.804
14:06:39     AE+GRU      F1 0.530 ROC-AUC 0.818
14:06:39 FOLD 4/5 done -> ./artifacts_ae_cnn_relaxed/cv_fold4.pkl
14:06:39 FOLD 5/5 start | train delayed 4482 | test delayed 1117 | test days ['2026-03-15', '2026-03-20', '2026-03-24', '2026-03-30']
14:06:39   [Phase 1] training autoencoder...
14:07:15     final AE MSE train=0.33175 val=0.29481
14:07:15   training AE+MLP...
14:07:18   training AE+XGBoost...
14:07:29   training AE+RF...
14:07:31   training AE+LR...
14:07:33   training AE+LSTM (latent sequence)...
14:07:48   training AE+GRU (latent sequence)...
14:08:02     AE+MLP      F1 0.553 ROC-AUC 0.832
14:08:02     AE+XGBoost  F1 0.579 ROC-AUC 0.841
14:08:02     AE+RF       F1 0.581 ROC-AUC 0.841
14:08:02     AE+LR       F1 0.547 ROC-AUC 0.817
14:08:02     AE+LSTM     F1 0.557 ROC-AUC 0.833
14:08:02     AE+GRU      F1 0.543 ROC-AUC 0.837
14:08:02 FOLD 5/5 done -> ./artifacts_ae_cnn_relaxed/cv_fold5.pkl
14:08:02 CV complete
