15:37:20 CV start — 20 service days, 5 folds, N=22605
15:37:20 FOLD 1/5 start | train delayed 3784 | test delayed 946 | test days ['2026-03-20', '2026-03-21', '2026-03-27', '2026-03-30']
15:37:21   [Phase 1] training autoencoder...
15:38:00     final AE MSE train=0.33939 val=0.29574
15:38:01   training AE+MLP...
15:38:03   training AE+XGBoost...
15:38:07   training AE+RF...
15:38:09   training AE+LR...
15:38:11   training AE+LSTM (latent sequence)...
15:38:23   training AE+GRU (latent sequence)...
15:38:34     AE+MLP      F1 0.555 ROC-AUC 0.836
15:38:34     AE+XGBoost  F1 0.581 ROC-AUC 0.847
15:38:34     AE+RF       F1 0.582 ROC-AUC 0.847
15:38:34     AE+LR       F1 0.537 ROC-AUC 0.816
15:38:34     AE+LSTM     F1 0.555 ROC-AUC 0.837
15:38:34     AE+GRU      F1 0.565 ROC-AUC 0.835
15:38:34 FOLD 1/5 done -> ./artifacts_arch_d64_l4/cv_fold1.pkl
15:38:34 FOLD 2/5 start | train delayed 3843 | test delayed 887 | test days ['2026-03-14', '2026-03-22', '2026-03-25', '2026-03-28']
15:38:35   [Phase 1] training autoencoder...
15:39:13     final AE MSE train=0.34743 val=0.31958
15:39:14   training AE+MLP...
15:39:16   training AE+XGBoost...
15:39:28   training AE+RF...
15:39:30   training AE+LR...
15:39:33   training AE+LSTM (latent sequence)...
15:39:45   training AE+GRU (latent sequence)...
15:39:56     AE+MLP      F1 0.542 ROC-AUC 0.823
15:39:56     AE+XGBoost  F1 0.564 ROC-AUC 0.835
15:39:56     AE+RF       F1 0.549 ROC-AUC 0.841
15:39:56     AE+LR       F1 0.535 ROC-AUC 0.819
15:39:56     AE+LSTM     F1 0.539 ROC-AUC 0.826
15:39:56     AE+GRU      F1 0.521 ROC-AUC 0.820
15:39:56 FOLD 2/5 done -> ./artifacts_arch_d64_l4/cv_fold2.pkl
15:39:56 FOLD 3/5 start | train delayed 3944 | test delayed 786 | test days ['2026-03-10', '2026-03-13', '2026-03-15', '2026-03-16', '2026-03-29']
15:39:56   [Phase 1] training autoencoder...
15:40:35     final AE MSE train=0.33279 val=0.34271
15:40:36   training AE+MLP...
15:40:37   training AE+XGBoost...
15:40:43   training AE+RF...
15:40:45   training AE+LR...
15:40:47   training AE+LSTM (latent sequence)...
15:40:59   training AE+GRU (latent sequence)...
15:41:10     AE+MLP      F1 0.478 ROC-AUC 0.794
15:41:10     AE+XGBoost  F1 0.530 ROC-AUC 0.813
15:41:10     AE+RF       F1 0.519 ROC-AUC 0.811
15:41:10     AE+LR       F1 0.486 ROC-AUC 0.791
15:41:10     AE+LSTM     F1 0.497 ROC-AUC 0.807
15:41:10     AE+GRU      F1 0.472 ROC-AUC 0.804
15:41:10 FOLD 3/5 done -> ./artifacts_arch_d64_l4/cv_fold3.pkl
15:41:10 FOLD 4/5 start | train delayed 3610 | test delayed 1120 | test days ['2026-03-11', '2026-03-12', '2026-03-26']
15:41:11   [Phase 1] training autoencoder...
15:41:49     final AE MSE train=0.33366 val=0.27740
15:41:50   training AE+MLP...
15:41:52   training AE+XGBoost...
15:41:58   training AE+RF...
15:42:00   training AE+LR...
15:42:02   training AE+LSTM (latent sequence)...
15:42:13   training AE+GRU (latent sequence)...
15:42:25     AE+MLP      F1 0.600 ROC-AUC 0.841
15:42:25     AE+XGBoost  F1 0.627 ROC-AUC 0.851
15:42:25     AE+RF       F1 0.633 ROC-AUC 0.854
15:42:25     AE+LR       F1 0.601 ROC-AUC 0.830
15:42:25     AE+LSTM     F1 0.614 ROC-AUC 0.847
15:42:25     AE+GRU      F1 0.616 ROC-AUC 0.848
15:42:25 FOLD 4/5 done -> ./artifacts_arch_d64_l4/cv_fold4.pkl
15:42:25 FOLD 5/5 start | train delayed 3739 | test delayed 991 | test days ['2026-03-17', '2026-03-23', '2026-03-24', '2026-03-31']
15:42:25   [Phase 1] training autoencoder...
15:43:04     final AE MSE train=0.33149 val=1.64896
15:43:05   training AE+MLP...
15:43:07   training AE+XGBoost...
15:43:11   training AE+RF...
15:43:13   training AE+LR...
15:43:15   training AE+LSTM (latent sequence)...
15:43:27   training AE+GRU (latent sequence)...
15:43:38     AE+MLP      F1 0.534 ROC-AUC 0.800
15:43:38     AE+XGBoost  F1 0.577 ROC-AUC 0.824
15:43:38     AE+RF       F1 0.570 ROC-AUC 0.828
15:43:38     AE+LR       F1 0.533 ROC-AUC 0.791
15:43:38     AE+LSTM     F1 0.534 ROC-AUC 0.792
15:43:38     AE+GRU      F1 0.549 ROC-AUC 0.801
15:43:38 FOLD 5/5 done -> ./artifacts_arch_d64_l4/cv_fold5.pkl
15:43:38 CV complete
