selftest ok
fold split matches artifacts_ae_cnn/latent_vectors.npz (all 5 folds)
13:34:08 device=cuda N=22,605 delayed=20.9% folds=5 smoke=False
13:34:08 CV start — 20 service days, 5 folds, N=22605
13:34:08 FOLD 1/5 start | test days ['2026-03-20', '2026-03-21', '2026-03-27', '2026-03-30']
13:34:08   [Phase 1] SimCLR pretraining (no labels)...
13:34:10     SimCLR epoch   1/30 | NT-Xent 2.8168 (chance floor 6.236)
13:34:15     SimCLR epoch   5/30 | NT-Xent 1.5910 (chance floor 6.236)
13:34:21     SimCLR epoch  10/30 | NT-Xent 1.3525 (chance floor 6.236)
13:34:26     SimCLR epoch  15/30 | NT-Xent 1.2300 (chance floor 6.236)
13:34:32     SimCLR epoch  20/30 | NT-Xent 1.1352 (chance floor 6.236)
13:34:38     SimCLR epoch  25/30 | NT-Xent 1.0851 (chance floor 6.236)
13:34:44     SimCLR epoch  30/30 | NT-Xent 1.0612 (chance floor 6.236)
13:34:44   [shortcut gate] {'is_weekend_auc': 1.0, 'headway_r2': 0.9950785040855408}
13:34:44   training SimCLR+MLP...
13:34:47   training SimCLR+XGBoost...
13:34:48   training SimCLR+RF...
13:34:49   training SimCLR+LR...
13:34:51     SimCLR+MLP      F1 0.531 ROC-AUC 0.832
13:34:51     SimCLR+XGBoost  F1 0.556 ROC-AUC 0.829
13:34:51     SimCLR+RF       F1 0.544 ROC-AUC 0.824
13:34:51     SimCLR+LR       F1 0.529 ROC-AUC 0.815
13:34:51 FOLD 1/5 done -> ./artifacts_simclr/cv_fold1.pkl
13:34:51 FOLD 2/5 start | test days ['2026-03-14', '2026-03-22', '2026-03-25', '2026-03-28']
13:34:52   [Phase 1] SimCLR pretraining (no labels)...
13:34:53     SimCLR epoch   1/30 | NT-Xent 2.8241 (chance floor 6.236)
13:34:58     SimCLR epoch   5/30 | NT-Xent 1.6293 (chance floor 6.236)
13:35:04     SimCLR epoch  10/30 | NT-Xent 1.3860 (chance floor 6.236)
13:35:09     SimCLR epoch  15/30 | NT-Xent 1.2713 (chance floor 6.236)
13:35:15     SimCLR epoch  20/30 | NT-Xent 1.1745 (chance floor 6.236)
13:35:21     SimCLR epoch  25/30 | NT-Xent 1.1313 (chance floor 6.236)
13:35:27     SimCLR epoch  30/30 | NT-Xent 1.1029 (chance floor 6.236)
13:35:28   [shortcut gate] {'is_weekend_auc': 1.0, 'headway_r2': 0.9924414157867432}
13:35:28   training SimCLR+MLP...
13:35:30   training SimCLR+XGBoost...
13:35:31   training SimCLR+RF...
13:35:33   training SimCLR+LR...
13:35:36     SimCLR+MLP      F1 0.523 ROC-AUC 0.819
13:35:36     SimCLR+XGBoost  F1 0.529 ROC-AUC 0.808
13:35:36     SimCLR+RF       F1 0.514 ROC-AUC 0.806
13:35:36     SimCLR+LR       F1 0.526 ROC-AUC 0.800
13:35:36 FOLD 2/5 done -> ./artifacts_simclr/cv_fold2.pkl
13:35:36 FOLD 3/5 start | test days ['2026-03-10', '2026-03-13', '2026-03-15', '2026-03-16', '2026-03-29']
13:35:36   [Phase 1] SimCLR pretraining (no labels)...
13:35:37     SimCLR epoch   1/30 | NT-Xent 2.7575 (chance floor 6.236)
13:35:42     SimCLR epoch   5/30 | NT-Xent 1.5857 (chance floor 6.236)
13:35:48     SimCLR epoch  10/30 | NT-Xent 1.3750 (chance floor 6.236)
13:35:54     SimCLR epoch  15/30 | NT-Xent 1.2267 (chance floor 6.236)
13:36:00     SimCLR epoch  20/30 | NT-Xent 1.1483 (chance floor 6.236)
13:36:06     SimCLR epoch  25/30 | NT-Xent 1.0985 (chance floor 6.236)
13:36:12     SimCLR epoch  30/30 | NT-Xent 1.0905 (chance floor 6.236)
13:36:13   [shortcut gate] {'is_weekend_auc': 1.0, 'headway_r2': 0.9901221394538879}
13:36:13   training SimCLR+MLP...
13:36:15   training SimCLR+XGBoost...
13:36:16   training SimCLR+RF...
13:36:18   training SimCLR+LR...
13:36:20     SimCLR+MLP      F1 0.480 ROC-AUC 0.800
13:36:20     SimCLR+XGBoost  F1 0.481 ROC-AUC 0.786
13:36:20     SimCLR+RF       F1 0.483 ROC-AUC 0.780
13:36:20     SimCLR+LR       F1 0.466 ROC-AUC 0.784
13:36:20 FOLD 3/5 done -> ./artifacts_simclr/cv_fold3.pkl
13:36:20 FOLD 4/5 start | test days ['2026-03-11', '2026-03-12', '2026-03-26']
13:36:20   [Phase 1] SimCLR pretraining (no labels)...
13:36:21     SimCLR epoch   1/30 | NT-Xent 2.7701 (chance floor 6.236)
13:36:26     SimCLR epoch   5/30 | NT-Xent 1.6027 (chance floor 6.236)
13:36:32     SimCLR epoch  10/30 | NT-Xent 1.3497 (chance floor 6.236)
13:36:38     SimCLR epoch  15/30 | NT-Xent 1.2242 (chance floor 6.236)
13:36:44     SimCLR epoch  20/30 | NT-Xent 1.1318 (chance floor 6.236)
13:36:50     SimCLR epoch  25/30 | NT-Xent 1.0836 (chance floor 6.236)
13:36:56     SimCLR epoch  30/30 | NT-Xent 1.0637 (chance floor 6.236)
13:36:56   [shortcut gate] {'headway_r2': 0.9938676357269287}
13:36:56   training SimCLR+MLP...
13:36:58   training SimCLR+XGBoost...
13:36:59   training SimCLR+RF...
13:37:01   training SimCLR+LR...
13:37:03     SimCLR+MLP      F1 0.597 ROC-AUC 0.840
13:37:03     SimCLR+XGBoost  F1 0.607 ROC-AUC 0.841
13:37:03     SimCLR+RF       F1 0.600 ROC-AUC 0.835
13:37:03     SimCLR+LR       F1 0.591 ROC-AUC 0.828
13:37:03 FOLD 4/5 done -> ./artifacts_simclr/cv_fold4.pkl
13:37:03 FOLD 5/5 start | test days ['2026-03-17', '2026-03-23', '2026-03-24', '2026-03-31']
13:37:04   [Phase 1] SimCLR pretraining (no labels)...
13:37:05     SimCLR epoch   1/30 | NT-Xent 2.7010 (chance floor 6.236)
13:37:10     SimCLR epoch   5/30 | NT-Xent 1.5763 (chance floor 6.236)
13:37:16     SimCLR epoch  10/30 | NT-Xent 1.3354 (chance floor 6.236)
13:37:22     SimCLR epoch  15/30 | NT-Xent 1.1923 (chance floor 6.236)
13:37:28     SimCLR epoch  20/30 | NT-Xent 1.1080 (chance floor 6.236)
13:37:34     SimCLR epoch  25/30 | NT-Xent 1.0524 (chance floor 6.236)
13:37:40     SimCLR epoch  30/30 | NT-Xent 1.0392 (chance floor 6.236)
13:37:40   [shortcut gate] {'headway_r2': 0.9898775219917297}
13:37:40   training SimCLR+MLP...
13:37:42   training SimCLR+XGBoost...
13:37:43   training SimCLR+RF...
13:37:45   training SimCLR+LR...
13:37:47     SimCLR+MLP      F1 0.571 ROC-AUC 0.830
13:37:47     SimCLR+XGBoost  F1 0.576 ROC-AUC 0.832
13:37:47     SimCLR+RF       F1 0.579 ROC-AUC 0.830
13:37:47     SimCLR+LR       F1 0.564 ROC-AUC 0.807
13:37:47 FOLD 5/5 done -> ./artifacts_simclr/cv_fold5.pkl
13:37:47 CV complete

         model  accuracy  precision   recall       f1  roc_auc   pr_auc
    SimCLR+MLP  0.736478   0.424039 0.747341 0.540609 0.824030 0.596498
SimCLR+XGBoost  0.793291   0.504097 0.608585 0.549929 0.819396 0.594763
     SimCLR+RF  0.795180   0.507500 0.590620 0.544113 0.815161 0.582341
     SimCLR+LR  0.751407   0.440552 0.687745 0.535123 0.807151 0.556257

===== SimCLR vs alternatives (per-fold paired, mean +/- std) =====
  XGBoost  f1       SimCLR 0.550  AE-cnn     0.581   delta -0.031 +/- 0.009  [consistent]
  XGBoost  roc_auc  SimCLR 0.819  AE-cnn     0.838   delta -0.019 +/- 0.016
  XGBoost  pr_auc   SimCLR 0.595  AE-cnn     0.629   delta -0.034 +/- 0.017  [consistent]
  XGBoost  f1       SimCLR 0.550  AE-lstm    0.544   delta +0.005 +/- 0.006
  XGBoost  roc_auc  SimCLR 0.819  AE-lstm    0.814   delta +0.005 +/- 0.007
  XGBoost  pr_auc   SimCLR 0.595  AE-lstm    0.575   delta +0.020 +/- 0.012  [consistent]
  XGBoost  f1       SimCLR 0.550  RAW-FLAT   0.585   delta -0.035 +/- 0.010  [consistent]
  XGBoost  roc_auc  SimCLR 0.819  RAW-FLAT   0.845   delta -0.025 +/- 0.008  [consistent]
  XGBoost  pr_auc   SimCLR 0.595  RAW-FLAT   0.632   delta -0.037 +/- 0.012  [consistent]
  XGBoost  f1       SimCLR 0.550  RAW-STATS  0.587   delta -0.037 +/- 0.013  [consistent]
  XGBoost  roc_auc  SimCLR 0.819  RAW-STATS  0.846   delta -0.027 +/- 0.009  [consistent]
  XGBoost  pr_auc   SimCLR 0.595  RAW-STATS  0.637   delta -0.042 +/- 0.011  [consistent]

  RF       f1       SimCLR 0.544  AE-cnn     0.574   delta -0.030 +/- 0.012  [consistent]
  RF       roc_auc  SimCLR 0.815  AE-cnn     0.839   delta -0.024 +/- 0.012  [consistent]
  RF       pr_auc   SimCLR 0.582  AE-cnn     0.621   delta -0.038 +/- 0.016  [consistent]
  RF       f1       SimCLR 0.544  AE-lstm    0.545   delta -0.001 +/- 0.011
  RF       roc_auc  SimCLR 0.815  AE-lstm    0.819   delta -0.004 +/- 0.007
  RF       pr_auc   SimCLR 0.582  AE-lstm    0.576   delta +0.006 +/- 0.010
  RF       f1       SimCLR 0.544  RAW-FLAT   0.578   delta -0.034 +/- 0.006  [consistent]
  RF       roc_auc  SimCLR 0.815  RAW-FLAT   0.842   delta -0.027 +/- 0.005  [consistent]
  RF       pr_auc   SimCLR 0.582  RAW-FLAT   0.622   delta -0.040 +/- 0.009  [consistent]
  RF       f1       SimCLR 0.544  RAW-STATS  0.569   delta -0.025 +/- 0.009  [consistent]
  RF       roc_auc  SimCLR 0.815  RAW-STATS  0.834   delta -0.019 +/- 0.005  [consistent]
  RF       pr_auc   SimCLR 0.582  RAW-STATS  0.610   delta -0.027 +/- 0.009  [consistent]

  LR       f1       SimCLR 0.535  AE-cnn     0.541   delta -0.006 +/- 0.014
  LR       roc_auc  SimCLR 0.807  AE-cnn     0.811   delta -0.004 +/- 0.010
  LR       pr_auc   SimCLR 0.556  AE-cnn     0.564   delta -0.008 +/- 0.012
  LR       f1       SimCLR 0.535  AE-lstm    0.512   delta +0.023 +/- 0.010  [consistent]
  LR       roc_auc  SimCLR 0.807  AE-lstm    0.785   delta +0.022 +/- 0.003  [consistent]
  LR       pr_auc   SimCLR 0.556  AE-lstm    0.512   delta +0.044 +/- 0.014  [consistent]
  LR       f1       SimCLR 0.535  RAW-FLAT   0.520   delta +0.015 +/- 0.012
  LR       roc_auc  SimCLR 0.807  RAW-FLAT   0.784   delta +0.023 +/- 0.007  [consistent]
  LR       pr_auc   SimCLR 0.556  RAW-FLAT   0.500   delta +0.056 +/- 0.043  [consistent]
  LR       f1       SimCLR 0.535  RAW-STATS  0.534   delta +0.001 +/- 0.009
  LR       roc_auc  SimCLR 0.807  RAW-STATS  0.803   delta +0.004 +/- 0.005
  LR       pr_auc   SimCLR 0.556  RAW-STATS  0.531   delta +0.025 +/- 0.014  [consistent]

  MLP      f1       SimCLR 0.541  AE-cnn     0.548   delta -0.007 +/- 0.023
  MLP      roc_auc  SimCLR 0.824  AE-cnn     0.824   delta -0.000 +/- 0.016
  MLP      pr_auc   SimCLR 0.596  AE-cnn     0.593   delta +0.004 +/- 0.020
  MLP      f1       SimCLR 0.541  AE-lstm    0.522   delta +0.018 +/- 0.016  [consistent]
  MLP      roc_auc  SimCLR 0.824  AE-lstm    0.801   delta +0.023 +/- 0.004  [consistent]
  MLP      pr_auc   SimCLR 0.596  AE-lstm    0.548   delta +0.049 +/- 0.015  [consistent]

13:37:48 [Phase B] kNN anomaly scores from the contrastive embedding
13:37:48   vs artifacts_ae_cnn: n=22,605 Pearson r=0.213 (p=9.7e-231)  Spearman rho=0.196 (p=1.1e-194)
13:37:48   vs artifacts_ae_lstm: n=22,605 Pearson r=0.211 (p=2.0e-225)  Spearman rho=0.226 (p=6.0e-259)
13:37:48 artifacts -> ./artifacts_simclr/
