16:50:59 CV start — 20 service days, 5 folds, N=22605
16:50:59 FOLD 1/5 start | train delayed 3784 | test delayed 946 | test days ['2026-03-20', '2026-03-21', '2026-03-27', '2026-03-30']
16:50:59   [Phase 1] training autoencoder...
16:58:28 CV start — 20 service days, 5 folds, N=22605
16:58:28 FOLD 1/5 start | train delayed 3784 | test delayed 946 | test days ['2026-03-20', '2026-03-21', '2026-03-27', '2026-03-30']
16:58:29   [Phase 1] training autoencoder...
17:00:36 CV start — 20 service days, 5 folds, N=22605
17:00:36 FOLD 1/5 start | train delayed 3784 | test delayed 946 | test days ['2026-03-20', '2026-03-21', '2026-03-27', '2026-03-30']
17:00:36   [Phase 1] training autoencoder...
17:01:05     final AE MSE train=0.36731 val=0.35054
17:01:06   training AE+MLP...
17:01:08   training AE+XGBoost...
17:01:09   training AE+RF...
17:01:11   training AE+LR...
17:01:14   training AE+LSTM (latent sequence)...
17:01:26   training AE+GRU (latent sequence)...
17:01:37     AE+MLP      F1 0.528 ROC-AUC 0.810
17:01:37     AE+XGBoost  F1 0.552 ROC-AUC 0.823
17:01:37     AE+RF       F1 0.551 ROC-AUC 0.826
17:01:37     AE+LR       F1 0.506 ROC-AUC 0.790
17:01:37     AE+LSTM     F1 0.532 ROC-AUC 0.827
17:01:37     AE+GRU      F1 0.531 ROC-AUC 0.821
17:01:37 FOLD 1/5 done -> ./artifacts_ae_lstm/cv_fold1.pkl
17:01:37 FOLD 2/5 start | train delayed 3843 | test delayed 887 | test days ['2026-03-14', '2026-03-22', '2026-03-25', '2026-03-28']
17:01:37   [Phase 1] training autoencoder...
17:02:06     final AE MSE train=0.36920 val=0.39626
17:02:07   training AE+MLP...
17:02:09   training AE+XGBoost...
17:02:10   training AE+RF...
17:02:12   training AE+LR...
17:02:15   training AE+LSTM (latent sequence)...
17:02:27   training AE+GRU (latent sequence)...
17:02:38     AE+MLP      F1 0.517 ROC-AUC 0.797
17:02:38     AE+XGBoost  F1 0.525 ROC-AUC 0.805
17:02:38     AE+RF       F1 0.521 ROC-AUC 0.811
17:02:38     AE+LR       F1 0.500 ROC-AUC 0.781
17:02:38     AE+LSTM     F1 0.532 ROC-AUC 0.812
17:02:38     AE+GRU      F1 0.538 ROC-AUC 0.813
17:02:38 FOLD 2/5 done -> ./artifacts_ae_lstm/cv_fold2.pkl
17:02:38 FOLD 3/5 start | train delayed 3944 | test delayed 786 | test days ['2026-03-10', '2026-03-13', '2026-03-15', '2026-03-16', '2026-03-29']
17:02:38   [Phase 1] training autoencoder...
17:03:07     final AE MSE train=0.36179 val=0.39801
17:03:08   training AE+MLP...
17:03:10   training AE+XGBoost...
17:03:11   training AE+RF...
17:03:13   training AE+LR...
17:03:17   training AE+LSTM (latent sequence)...
17:03:28   training AE+GRU (latent sequence)...
17:03:40     AE+MLP      F1 0.454 ROC-AUC 0.773
17:03:40     AE+XGBoost  F1 0.483 ROC-AUC 0.792
17:03:40     AE+RF       F1 0.483 ROC-AUC 0.795
17:03:40     AE+LR       F1 0.452 ROC-AUC 0.765
17:03:40     AE+LSTM     F1 0.450 ROC-AUC 0.776
17:03:40     AE+GRU      F1 0.444 ROC-AUC 0.778
17:03:40 FOLD 3/5 done -> ./artifacts_ae_lstm/cv_fold3.pkl
17:03:40 FOLD 4/5 start | train delayed 3610 | test delayed 1120 | test days ['2026-03-11', '2026-03-12', '2026-03-26']
17:03:40   [Phase 1] training autoencoder...
17:04:09     final AE MSE train=0.36162 val=0.32527
17:04:10   training AE+MLP...
17:04:12   training AE+XGBoost...
17:04:13   training AE+RF...
17:04:15   training AE+LR...
17:04:18   training AE+LSTM (latent sequence)...
17:04:30   training AE+GRU (latent sequence)...
17:04:41     AE+MLP      F1 0.589 ROC-AUC 0.824
17:04:41     AE+XGBoost  F1 0.602 ROC-AUC 0.834
17:04:41     AE+RF       F1 0.610 ROC-AUC 0.840
17:04:41     AE+LR       F1 0.578 ROC-AUC 0.808
17:04:41     AE+LSTM     F1 0.580 ROC-AUC 0.822
17:04:41     AE+GRU      F1 0.573 ROC-AUC 0.821
17:04:41 FOLD 4/5 done -> ./artifacts_ae_lstm/cv_fold4.pkl
17:04:41 FOLD 5/5 start | train delayed 3739 | test delayed 991 | test days ['2026-03-17', '2026-03-23', '2026-03-24', '2026-03-31']
17:04:42   [Phase 1] training autoencoder...
17:05:11     final AE MSE train=0.36644 val=1.85035
17:05:11   training AE+MLP...
17:05:14   training AE+XGBoost...
17:05:15   training AE+RF...
17:05:17   training AE+LR...
17:05:21   training AE+LSTM (latent sequence)...
17:05:33   training AE+GRU (latent sequence)...
17:05:44     AE+MLP      F1 0.525 ROC-AUC 0.802
17:05:44     AE+XGBoost  F1 0.561 ROC-AUC 0.816
17:05:44     AE+RF       F1 0.559 ROC-AUC 0.822
17:05:44     AE+LR       F1 0.523 ROC-AUC 0.780
17:05:44     AE+LSTM     F1 0.536 ROC-AUC 0.809
17:05:44     AE+GRU      F1 0.539 ROC-AUC 0.806
17:05:44 FOLD 5/5 done -> ./artifacts_ae_lstm/cv_fold5.pkl
17:05:44 CV complete
