15:31:42 CV start — 20 service days, 5 folds, N=22605
15:31:42 FOLD 1/5 start | train delayed 3784 | test delayed 946 | test days ['2026-03-20', '2026-03-21', '2026-03-27', '2026-03-30']
15:31:42   [Phase 1] training autoencoder...
15:32:11     final AE MSE train=0.33357 val=0.29253
15:32:12   training AE+MLP...
15:32:14   training AE+XGBoost...
15:32:17   training AE+RF...
15:32:18   training AE+LR...
15:32:20   training AE+LSTM (latent sequence)...
15:32:32   training AE+GRU (latent sequence)...
15:32:43     AE+MLP      F1 0.555 ROC-AUC 0.839
15:32:43     AE+XGBoost  F1 0.599 ROC-AUC 0.852
15:32:43     AE+RF       F1 0.581 ROC-AUC 0.845
15:32:43     AE+LR       F1 0.544 ROC-AUC 0.821
15:32:43     AE+LSTM     F1 0.550 ROC-AUC 0.842
15:32:43     AE+GRU      F1 0.544 ROC-AUC 0.844
15:32:43 FOLD 1/5 done -> ./artifacts_arch_d64_l3/cv_fold1.pkl
15:32:43 FOLD 2/5 start | train delayed 3843 | test delayed 887 | test days ['2026-03-14', '2026-03-22', '2026-03-25', '2026-03-28']
15:32:43   [Phase 1] training autoencoder...
15:33:13     final AE MSE train=0.34285 val=0.31628
15:33:13   training AE+MLP...
15:33:15   training AE+XGBoost...
15:33:20   training AE+RF...
15:33:22   training AE+LR...
15:33:25   training AE+LSTM (latent sequence)...
15:33:37   training AE+GRU (latent sequence)...
15:33:49     AE+MLP      F1 0.545 ROC-AUC 0.823
15:33:49     AE+XGBoost  F1 0.558 ROC-AUC 0.834
15:33:49     AE+RF       F1 0.543 ROC-AUC 0.835
15:33:49     AE+LR       F1 0.537 ROC-AUC 0.814
15:33:49     AE+LSTM     F1 0.533 ROC-AUC 0.826
15:33:49     AE+GRU      F1 0.561 ROC-AUC 0.830
15:33:49 FOLD 2/5 done -> ./artifacts_arch_d64_l3/cv_fold2.pkl
15:33:49 FOLD 3/5 start | train delayed 3944 | test delayed 786 | test days ['2026-03-10', '2026-03-13', '2026-03-15', '2026-03-16', '2026-03-29']
15:33:49   [Phase 1] training autoencoder...
15:34:18     final AE MSE train=0.32817 val=0.32666
15:34:19   training AE+MLP...
15:34:21   training AE+XGBoost...
15:34:22   training AE+RF...
15:34:24   training AE+LR...
15:34:27   training AE+LSTM (latent sequence)...
15:34:38   training AE+GRU (latent sequence)...
15:34:50     AE+MLP      F1 0.505 ROC-AUC 0.810
15:34:50     AE+XGBoost  F1 0.524 ROC-AUC 0.820
15:34:50     AE+RF       F1 0.525 ROC-AUC 0.816
15:34:50     AE+LR       F1 0.491 ROC-AUC 0.797
15:34:50     AE+LSTM     F1 0.506 ROC-AUC 0.815
15:34:50     AE+GRU      F1 0.504 ROC-AUC 0.814
15:34:50 FOLD 3/5 done -> ./artifacts_arch_d64_l3/cv_fold3.pkl
15:34:50 FOLD 4/5 start | train delayed 3610 | test delayed 1120 | test days ['2026-03-11', '2026-03-12', '2026-03-26']
15:34:50   [Phase 1] training autoencoder...
15:35:19     final AE MSE train=0.33034 val=0.27372
15:35:20   training AE+MLP...
15:35:22   training AE+XGBoost...
15:35:23   training AE+RF...
15:35:25   training AE+LR...
15:35:27   training AE+LSTM (latent sequence)...
15:35:39   training AE+GRU (latent sequence)...
15:35:50     AE+MLP      F1 0.607 ROC-AUC 0.850
15:35:50     AE+XGBoost  F1 0.637 ROC-AUC 0.856
15:35:50     AE+RF       F1 0.637 ROC-AUC 0.860
15:35:50     AE+LR       F1 0.591 ROC-AUC 0.831
15:35:50     AE+LSTM     F1 0.613 ROC-AUC 0.851
15:35:50     AE+GRU      F1 0.607 ROC-AUC 0.852
15:35:51 FOLD 4/5 done -> ./artifacts_arch_d64_l3/cv_fold4.pkl
15:35:51 FOLD 5/5 start | train delayed 3739 | test delayed 991 | test days ['2026-03-17', '2026-03-23', '2026-03-24', '2026-03-31']
15:35:51   [Phase 1] training autoencoder...
15:36:20     final AE MSE train=0.32912 val=1.31195
15:36:21   training AE+MLP...
15:36:23   training AE+XGBoost...
15:36:24   training AE+RF...
15:36:26   training AE+LR...
15:36:28   training AE+LSTM (latent sequence)...
15:36:40   training AE+GRU (latent sequence)...
15:36:51     AE+MLP      F1 0.571 ROC-AUC 0.816
15:36:51     AE+XGBoost  F1 0.592 ROC-AUC 0.827
15:36:51     AE+RF       F1 0.589 ROC-AUC 0.842
15:36:51     AE+LR       F1 0.547 ROC-AUC 0.796
15:36:51     AE+LSTM     F1 0.559 ROC-AUC 0.815
15:36:51     AE+GRU      F1 0.566 ROC-AUC 0.806
15:36:51 FOLD 5/5 done -> ./artifacts_arch_d64_l3/cv_fold5.pkl
15:36:51 CV complete
