06:56:25 CV start — 20 service days, 5 folds, N=22605
06:56:25 FOLD 1/5 start | train delayed 3784 | test delayed 946 | test days ['2026-03-20', '2026-03-21', '2026-03-27', '2026-03-30']
06:56:26   [Phase 1] training autoencoder...
06:56:56     final AE MSE train=0.32230 val=0.27204
06:56:56   training AE+MLP...
06:56:58   training AE+XGBoost...
06:57:03   training AE+RF...
06:57:05   training AE+LR...
06:57:06   training AE+LSTM (latent sequence)...
06:57:18   training AE+GRU (latent sequence)...
06:57:30     AE+MLP      F1 0.930 ROC-AUC 0.997
06:57:30     AE+XGBoost  F1 0.876 ROC-AUC 0.986
06:57:30     AE+RF       F1 0.790 ROC-AUC 0.960
06:57:30     AE+LR       F1 0.918 ROC-AUC 0.996
06:57:30     AE+LSTM     F1 0.925 ROC-AUC 0.997
06:57:30     AE+GRU      F1 0.932 ROC-AUC 0.997
06:57:30 FOLD 1/5 done -> ./artifacts_e5_meddelay/cv_fold1.pkl
06:57:30 FOLD 2/5 start | train delayed 3843 | test delayed 887 | test days ['2026-03-14', '2026-03-22', '2026-03-25', '2026-03-28']
06:57:30   [Phase 1] training autoencoder...
06:57:59     final AE MSE train=0.32806 val=0.31215
06:58:00   training AE+MLP...
06:58:02   training AE+XGBoost...
06:58:39   training AE+RF...
06:58:41   training AE+LR...
06:58:42   training AE+LSTM (latent sequence)...
06:58:54   training AE+GRU (latent sequence)...
06:59:05     AE+MLP      F1 0.936 ROC-AUC 0.997
06:59:05     AE+XGBoost  F1 0.853 ROC-AUC 0.982
06:59:05     AE+RF       F1 0.754 ROC-AUC 0.952
06:59:05     AE+LR       F1 0.924 ROC-AUC 0.996
06:59:05     AE+LSTM     F1 0.936 ROC-AUC 0.997
06:59:05     AE+GRU      F1 0.903 ROC-AUC 0.997
06:59:05 FOLD 2/5 done -> ./artifacts_e5_meddelay/cv_fold2.pkl
06:59:05 FOLD 3/5 start | train delayed 3944 | test delayed 786 | test days ['2026-03-10', '2026-03-13', '2026-03-15', '2026-03-16', '2026-03-29']
06:59:06   [Phase 1] training autoencoder...
06:59:35     final AE MSE train=0.31689 val=0.32477
06:59:36   training AE+MLP...
06:59:38   training AE+XGBoost...
06:59:46   training AE+RF...
06:59:48   training AE+LR...
06:59:49   training AE+LSTM (latent sequence)...
07:00:01   training AE+GRU (latent sequence)...
07:00:12     AE+MLP      F1 0.917 ROC-AUC 0.998
07:00:12     AE+XGBoost  F1 0.886 ROC-AUC 0.990
07:00:12     AE+RF       F1 0.823 ROC-AUC 0.972
07:00:12     AE+LR       F1 0.899 ROC-AUC 0.997
07:00:12     AE+LSTM     F1 0.916 ROC-AUC 0.997
07:00:12     AE+GRU      F1 0.926 ROC-AUC 0.997
07:00:12 FOLD 3/5 done -> ./artifacts_e5_meddelay/cv_fold3.pkl
07:00:12 FOLD 4/5 start | train delayed 3610 | test delayed 1120 | test days ['2026-03-11', '2026-03-12', '2026-03-26']
07:00:13   [Phase 1] training autoencoder...
07:00:42     final AE MSE train=0.31803 val=0.26192
07:00:43   training AE+MLP...
07:00:45   training AE+XGBoost...
07:00:52   training AE+RF...
07:00:54   training AE+LR...
07:00:55   training AE+LSTM (latent sequence)...
07:01:07   training AE+GRU (latent sequence)...
07:01:19     AE+MLP      F1 0.944 ROC-AUC 0.999
07:01:19     AE+XGBoost  F1 0.926 ROC-AUC 0.995
07:01:19     AE+RF       F1 0.861 ROC-AUC 0.980
07:01:19     AE+LR       F1 0.954 ROC-AUC 0.999
07:01:19     AE+LSTM     F1 0.968 ROC-AUC 0.999
07:01:19     AE+GRU      F1 0.965 ROC-AUC 0.999
07:01:19 FOLD 4/5 done -> ./artifacts_e5_meddelay/cv_fold4.pkl
07:01:19 FOLD 5/5 start | train delayed 3739 | test delayed 991 | test days ['2026-03-17', '2026-03-23', '2026-03-24', '2026-03-31']
07:01:19   [Phase 1] training autoencoder...
07:01:48     final AE MSE train=0.32583 val=1.23975
07:01:49   training AE+MLP...
07:01:51   training AE+XGBoost...
07:01:57   training AE+RF...
07:01:59   training AE+LR...
07:02:00   training AE+LSTM (latent sequence)...
07:02:11   training AE+GRU (latent sequence)...
07:02:23     AE+MLP      F1 0.929 ROC-AUC 0.996
07:02:23     AE+XGBoost  F1 0.898 ROC-AUC 0.991
07:02:23     AE+RF       F1 0.848 ROC-AUC 0.978
07:02:23     AE+LR       F1 0.941 ROC-AUC 0.994
07:02:23     AE+LSTM     F1 0.942 ROC-AUC 0.998
07:02:23     AE+GRU      F1 0.942 ROC-AUC 0.997
07:02:23 FOLD 5/5 done -> ./artifacts_e5_meddelay/cv_fold5.pkl
07:02:23 CV complete
