15:44:06 CV start — 20 service days, 5 folds, N=22605
15:44:06 FOLD 1/5 start | train delayed 3784 | test delayed 946 | test days ['2026-03-20', '2026-03-21', '2026-03-27', '2026-03-30']
15:44:07   [Phase 1] training autoencoder...
15:44:39     final AE MSE train=0.33392 val=0.28958
15:44:40   training AE+MLP...
15:44:42   training AE+XGBoost...
15:44:48   training AE+RF...
15:44:50   training AE+LR...
15:44:52   training AE+LSTM (latent sequence)...
15:45:05   training AE+GRU (latent sequence)...
15:45:17     AE+MLP      F1 0.559 ROC-AUC 0.839
15:45:17     AE+XGBoost  F1 0.594 ROC-AUC 0.855
15:45:17     AE+RF       F1 0.577 ROC-AUC 0.852
15:45:17     AE+LR       F1 0.543 ROC-AUC 0.825
15:45:17     AE+LSTM     F1 0.552 ROC-AUC 0.842
15:45:17     AE+GRU      F1 0.560 ROC-AUC 0.850
15:45:17 FOLD 1/5 done -> ./artifacts_arch_d128_l3/cv_fold1.pkl
15:45:17 FOLD 2/5 start | train delayed 3843 | test delayed 887 | test days ['2026-03-14', '2026-03-22', '2026-03-25', '2026-03-28']
15:45:17   [Phase 1] training autoencoder...
15:45:48     final AE MSE train=0.34044 val=0.31407
15:45:50   training AE+MLP...
15:45:52   training AE+XGBoost...
15:46:08   training AE+RF...
15:46:10   training AE+LR...
15:46:12   training AE+LSTM (latent sequence)...
15:46:24   training AE+GRU (latent sequence)...
15:46:36     AE+MLP      F1 0.548 ROC-AUC 0.826
15:46:36     AE+XGBoost  F1 0.570 ROC-AUC 0.833
15:46:36     AE+RF       F1 0.544 ROC-AUC 0.839
15:46:36     AE+LR       F1 0.541 ROC-AUC 0.816
15:46:36     AE+LSTM     F1 0.546 ROC-AUC 0.835
15:46:36     AE+GRU      F1 0.552 ROC-AUC 0.834
15:46:36 FOLD 2/5 done -> ./artifacts_arch_d128_l3/cv_fold2.pkl
15:46:36 FOLD 3/5 start | train delayed 3944 | test delayed 786 | test days ['2026-03-10', '2026-03-13', '2026-03-15', '2026-03-16', '2026-03-29']
15:46:36   [Phase 1] training autoencoder...
15:47:08     final AE MSE train=0.32810 val=0.32860
15:47:09   training AE+MLP...
15:47:11   training AE+XGBoost...
15:47:43   training AE+RF...
15:47:45   training AE+LR...
15:47:48   training AE+LSTM (latent sequence)...
15:48:00   training AE+GRU (latent sequence)...
15:48:12     AE+MLP      F1 0.498 ROC-AUC 0.807
15:48:12     AE+XGBoost  F1 0.523 ROC-AUC 0.819
15:48:12     AE+RF       F1 0.516 ROC-AUC 0.816
15:48:12     AE+LR       F1 0.483 ROC-AUC 0.793
15:48:12     AE+LSTM     F1 0.510 ROC-AUC 0.820
15:48:12     AE+GRU      F1 0.513 ROC-AUC 0.816
15:48:12 FOLD 3/5 done -> ./artifacts_arch_d128_l3/cv_fold3.pkl
15:48:12 FOLD 4/5 start | train delayed 3610 | test delayed 1120 | test days ['2026-03-11', '2026-03-12', '2026-03-26']
15:48:12   [Phase 1] training autoencoder...
15:48:44     final AE MSE train=0.33051 val=0.27806
15:48:45   training AE+MLP...
15:48:47   training AE+XGBoost...
15:49:10   training AE+RF...
15:49:13   training AE+LR...
15:49:15   training AE+LSTM (latent sequence)...
15:49:28   training AE+GRU (latent sequence)...
15:49:39     AE+MLP      F1 0.608 ROC-AUC 0.848
15:49:39     AE+XGBoost  F1 0.637 ROC-AUC 0.857
15:49:39     AE+RF       F1 0.630 ROC-AUC 0.855
15:49:39     AE+LR       F1 0.604 ROC-AUC 0.835
15:49:39     AE+LSTM     F1 0.620 ROC-AUC 0.853
15:49:39     AE+GRU      F1 0.631 ROC-AUC 0.858
15:49:40 FOLD 4/5 done -> ./artifacts_arch_d128_l3/cv_fold4.pkl
15:49:40 FOLD 5/5 start | train delayed 3739 | test delayed 991 | test days ['2026-03-17', '2026-03-23', '2026-03-24', '2026-03-31']
15:49:40   [Phase 1] training autoencoder...
15:50:11     final AE MSE train=0.32816 val=1.32514
15:50:12   training AE+MLP...
15:50:15   training AE+XGBoost...
15:50:21   training AE+RF...
15:50:23   training AE+LR...
15:50:25   training AE+LSTM (latent sequence)...
15:50:38   training AE+GRU (latent sequence)...
15:50:50     AE+MLP      F1 0.556 ROC-AUC 0.807
15:50:50     AE+XGBoost  F1 0.581 ROC-AUC 0.825
15:50:50     AE+RF       F1 0.584 ROC-AUC 0.835
15:50:50     AE+LR       F1 0.535 ROC-AUC 0.783
15:50:50     AE+LSTM     F1 0.555 ROC-AUC 0.812
15:50:50     AE+GRU      F1 0.546 ROC-AUC 0.803
15:50:50 FOLD 5/5 done -> ./artifacts_arch_d128_l3/cv_fold5.pkl
15:50:50 CV complete
