15:26:43 CV start — 20 service days, 5 folds, N=22605
15:26:43 FOLD 1/5 start | train delayed 3784 | test delayed 946 | test days ['2026-03-20', '2026-03-21', '2026-03-27', '2026-03-30']
15:26:43   [Phase 1] training autoencoder...
15:27:03     final AE MSE train=0.34397 val=0.29997
15:27:04   training AE+MLP...
15:27:06   training AE+XGBoost...
15:27:11   training AE+RF...
15:27:13   training AE+LR...
15:27:15   training AE+LSTM (latent sequence)...
15:27:26   training AE+GRU (latent sequence)...
15:27:38     AE+MLP      F1 0.554 ROC-AUC 0.833
15:27:38     AE+XGBoost  F1 0.588 ROC-AUC 0.846
15:27:38     AE+RF       F1 0.579 ROC-AUC 0.848
15:27:38     AE+LR       F1 0.536 ROC-AUC 0.820
15:27:38     AE+LSTM     F1 0.555 ROC-AUC 0.841
15:27:38     AE+GRU      F1 0.540 ROC-AUC 0.840
15:27:38 FOLD 1/5 done -> ./artifacts_arch_d64_l2/cv_fold1.pkl
15:27:38 FOLD 2/5 start | train delayed 3843 | test delayed 887 | test days ['2026-03-14', '2026-03-22', '2026-03-25', '2026-03-28']
15:27:38   [Phase 1] training autoencoder...
15:27:57     final AE MSE train=0.35195 val=0.32465
15:27:58   training AE+MLP...
15:28:00   training AE+XGBoost...
15:28:03   training AE+RF...
15:28:05   training AE+LR...
15:28:06   training AE+LSTM (latent sequence)...
15:28:18   training AE+GRU (latent sequence)...
15:28:29     AE+MLP      F1 0.549 ROC-AUC 0.824
15:28:29     AE+XGBoost  F1 0.555 ROC-AUC 0.832
15:28:29     AE+RF       F1 0.538 ROC-AUC 0.836
15:28:29     AE+LR       F1 0.533 ROC-AUC 0.809
15:28:29     AE+LSTM     F1 0.546 ROC-AUC 0.827
15:28:29     AE+GRU      F1 0.529 ROC-AUC 0.830
15:28:29 FOLD 2/5 done -> ./artifacts_arch_d64_l2/cv_fold2.pkl
15:28:29 FOLD 3/5 start | train delayed 3944 | test delayed 786 | test days ['2026-03-10', '2026-03-13', '2026-03-15', '2026-03-16', '2026-03-29']
15:28:29   [Phase 1] training autoencoder...
15:28:49     final AE MSE train=0.34131 val=0.33886
15:28:49   training AE+MLP...
15:28:51   training AE+XGBoost...
15:29:01   training AE+RF...
15:29:03   training AE+LR...
15:29:04   training AE+LSTM (latent sequence)...
15:29:16   training AE+GRU (latent sequence)...
15:29:28     AE+MLP      F1 0.502 ROC-AUC 0.809
15:29:28     AE+XGBoost  F1 0.513 ROC-AUC 0.811
15:29:28     AE+RF       F1 0.518 ROC-AUC 0.813
15:29:28     AE+LR       F1 0.485 ROC-AUC 0.793
15:29:28     AE+LSTM     F1 0.517 ROC-AUC 0.818
15:29:28     AE+GRU      F1 0.507 ROC-AUC 0.822
15:29:28 FOLD 3/5 done -> ./artifacts_arch_d64_l2/cv_fold3.pkl
15:29:28 FOLD 4/5 start | train delayed 3610 | test delayed 1120 | test days ['2026-03-11', '2026-03-12', '2026-03-26']
15:29:28   [Phase 1] training autoencoder...
15:29:47     final AE MSE train=0.34052 val=0.28065
15:29:48   training AE+MLP...
15:29:50   training AE+XGBoost...
15:29:53   training AE+RF...
15:29:55   training AE+LR...
15:29:56   training AE+LSTM (latent sequence)...
15:30:08   training AE+GRU (latent sequence)...
15:30:19     AE+MLP      F1 0.621 ROC-AUC 0.850
15:30:19     AE+XGBoost  F1 0.634 ROC-AUC 0.857
15:30:19     AE+RF       F1 0.635 ROC-AUC 0.856
15:30:19     AE+LR       F1 0.598 ROC-AUC 0.829
15:30:19     AE+LSTM     F1 0.623 ROC-AUC 0.851
15:30:19     AE+GRU      F1 0.604 ROC-AUC 0.852
15:30:19 FOLD 4/5 done -> ./artifacts_arch_d64_l2/cv_fold4.pkl
15:30:19 FOLD 5/5 start | train delayed 3739 | test delayed 991 | test days ['2026-03-17', '2026-03-23', '2026-03-24', '2026-03-31']
15:30:20   [Phase 1] training autoencoder...
15:30:39     final AE MSE train=0.34471 val=1.45232
15:30:40   training AE+MLP...
15:30:42   training AE+XGBoost...
15:30:43   training AE+RF...
15:30:45   training AE+LR...
15:30:46   training AE+LSTM (latent sequence)...
15:30:58   training AE+GRU (latent sequence)...
15:31:10     AE+MLP      F1 0.531 ROC-AUC 0.798
15:31:10     AE+XGBoost  F1 0.596 ROC-AUC 0.837
15:31:10     AE+RF       F1 0.592 ROC-AUC 0.839
15:31:10     AE+LR       F1 0.538 ROC-AUC 0.784
15:31:10     AE+LSTM     F1 0.577 ROC-AUC 0.820
15:31:10     AE+GRU      F1 0.551 ROC-AUC 0.811
15:31:10 FOLD 5/5 done -> ./artifacts_arch_d64_l2/cv_fold5.pkl
15:31:10 CV complete
