15:15:57 CV start — 20 service days, 5 folds, N=22605
15:15:57 FOLD 1/5 start | train delayed 3784 | test delayed 946 | test days ['2026-03-20', '2026-03-21', '2026-03-27', '2026-03-30']
15:15:57   [Phase 1] training autoencoder...
15:16:25     final AE MSE train=0.34279 val=0.29900
15:16:26   training AE+MLP...
15:16:28   training AE+XGBoost...
15:16:30   training AE+RF...
15:16:31   training AE+LR...
15:16:31   training AE+LSTM (latent sequence)...
15:16:43   training AE+GRU (latent sequence)...
15:16:54     AE+MLP      F1 0.536 ROC-AUC 0.822
15:16:54     AE+XGBoost  F1 0.562 ROC-AUC 0.835
15:16:54     AE+RF       F1 0.557 ROC-AUC 0.834
15:16:54     AE+LR       F1 0.505 ROC-AUC 0.799
15:16:54     AE+LSTM     F1 0.513 ROC-AUC 0.818
15:16:54     AE+GRU      F1 0.537 ROC-AUC 0.820
15:16:54 FOLD 1/5 done -> ./artifacts_arch_d16_l3/cv_fold1.pkl
15:16:54 FOLD 2/5 start | train delayed 3843 | test delayed 887 | test days ['2026-03-14', '2026-03-22', '2026-03-25', '2026-03-28']
15:16:54   [Phase 1] training autoencoder...
15:17:22     final AE MSE train=0.35034 val=0.33136
15:17:22   training AE+MLP...
15:17:24   training AE+XGBoost...
15:17:31   training AE+RF...
15:17:33   training AE+LR...
15:17:33   training AE+LSTM (latent sequence)...
15:17:44   training AE+GRU (latent sequence)...
15:17:56     AE+MLP      F1 0.543 ROC-AUC 0.826
15:17:56     AE+XGBoost  F1 0.562 ROC-AUC 0.823
15:17:56     AE+RF       F1 0.545 ROC-AUC 0.832
15:17:56     AE+LR       F1 0.532 ROC-AUC 0.804
15:17:56     AE+LSTM     F1 0.547 ROC-AUC 0.829
15:17:56     AE+GRU      F1 0.534 ROC-AUC 0.824
15:17:56 FOLD 2/5 done -> ./artifacts_arch_d16_l3/cv_fold2.pkl
15:17:56 FOLD 3/5 start | train delayed 3944 | test delayed 786 | test days ['2026-03-10', '2026-03-13', '2026-03-15', '2026-03-16', '2026-03-29']
15:17:56   [Phase 1] training autoencoder...
15:18:24     final AE MSE train=0.33672 val=0.34321
15:18:24   training AE+MLP...
15:18:27   training AE+XGBoost...
15:18:28   training AE+RF...
15:18:29   training AE+LR...
15:18:29   training AE+LSTM (latent sequence)...
15:18:41   training AE+GRU (latent sequence)...
15:18:52     AE+MLP      F1 0.477 ROC-AUC 0.795
15:18:52     AE+XGBoost  F1 0.505 ROC-AUC 0.800
15:18:52     AE+RF       F1 0.503 ROC-AUC 0.802
15:18:52     AE+LR       F1 0.466 ROC-AUC 0.779
15:18:52     AE+LSTM     F1 0.493 ROC-AUC 0.800
15:18:52     AE+GRU      F1 0.475 ROC-AUC 0.793
15:18:52 FOLD 3/5 done -> ./artifacts_arch_d16_l3/cv_fold3.pkl
15:18:52 FOLD 4/5 start | train delayed 3610 | test delayed 1120 | test days ['2026-03-11', '2026-03-12', '2026-03-26']
15:18:53   [Phase 1] training autoencoder...
15:19:21     final AE MSE train=0.33761 val=0.28217
15:19:21   training AE+MLP...
15:19:23   training AE+XGBoost...
15:19:24   training AE+RF...
15:19:25   training AE+LR...
15:19:25   training AE+LSTM (latent sequence)...
15:19:37   training AE+GRU (latent sequence)...
15:19:48     AE+MLP      F1 0.602 ROC-AUC 0.840
15:19:48     AE+XGBoost  F1 0.629 ROC-AUC 0.850
15:19:48     AE+RF       F1 0.630 ROC-AUC 0.847
15:19:48     AE+LR       F1 0.587 ROC-AUC 0.816
15:19:48     AE+LSTM     F1 0.600 ROC-AUC 0.837
15:19:48     AE+GRU      F1 0.613 ROC-AUC 0.841
15:19:48 FOLD 4/5 done -> ./artifacts_arch_d16_l3/cv_fold4.pkl
15:19:48 FOLD 5/5 start | train delayed 3739 | test delayed 991 | test days ['2026-03-17', '2026-03-23', '2026-03-24', '2026-03-31']
15:19:48   [Phase 1] training autoencoder...
15:20:16     final AE MSE train=0.33696 val=1.43168
15:20:16   training AE+MLP...
15:20:18   training AE+XGBoost...
15:20:18   training AE+RF...
15:20:20   training AE+LR...
15:20:20   training AE+LSTM (latent sequence)...
15:20:31   training AE+GRU (latent sequence)...
15:20:42     AE+MLP      F1 0.558 ROC-AUC 0.812
15:20:42     AE+XGBoost  F1 0.578 ROC-AUC 0.823
15:20:42     AE+RF       F1 0.570 ROC-AUC 0.831
15:20:42     AE+LR       F1 0.532 ROC-AUC 0.796
15:20:42     AE+LSTM     F1 0.559 ROC-AUC 0.805
15:20:42     AE+GRU      F1 0.553 ROC-AUC 0.801
15:20:42 FOLD 5/5 done -> ./artifacts_arch_d16_l3/cv_fold5.pkl
15:20:42 CV complete
