15:21:13 CV start — 20 service days, 5 folds, N=22605
15:21:13 FOLD 1/5 start | train delayed 3784 | test delayed 946 | test days ['2026-03-20', '2026-03-21', '2026-03-27', '2026-03-30']
15:21:13   [Phase 1] training autoencoder...
15:21:42     final AE MSE train=0.33674 val=0.29031
15:21:42   training AE+MLP...
15:21:45   training AE+XGBoost...
15:21:53   training AE+RF...
15:21:55   training AE+LR...
15:21:56   training AE+LSTM (latent sequence)...
15:22:07   training AE+GRU (latent sequence)...
15:22:18     AE+MLP      F1 0.554 ROC-AUC 0.836
15:22:18     AE+XGBoost  F1 0.590 ROC-AUC 0.847
15:22:18     AE+RF       F1 0.584 ROC-AUC 0.848
15:22:18     AE+LR       F1 0.533 ROC-AUC 0.810
15:22:18     AE+LSTM     F1 0.556 ROC-AUC 0.835
15:22:18     AE+GRU      F1 0.557 ROC-AUC 0.836
15:22:18 FOLD 1/5 done -> ./artifacts_arch_d32_l3/cv_fold1.pkl
15:22:18 FOLD 2/5 start | train delayed 3843 | test delayed 887 | test days ['2026-03-14', '2026-03-22', '2026-03-25', '2026-03-28']
15:22:19   [Phase 1] training autoencoder...
15:22:47     final AE MSE train=0.34328 val=0.32055
15:22:47   training AE+MLP...
15:22:50   training AE+XGBoost...
15:22:53   training AE+RF...
15:22:54   training AE+LR...
15:22:55   training AE+LSTM (latent sequence)...
15:23:07   training AE+GRU (latent sequence)...
15:23:18     AE+MLP      F1 0.550 ROC-AUC 0.828
15:23:18     AE+XGBoost  F1 0.561 ROC-AUC 0.832
15:23:18     AE+RF       F1 0.548 ROC-AUC 0.833
15:23:18     AE+LR       F1 0.535 ROC-AUC 0.808
15:23:18     AE+LSTM     F1 0.553 ROC-AUC 0.834
15:23:18     AE+GRU      F1 0.553 ROC-AUC 0.829
15:23:18 FOLD 2/5 done -> ./artifacts_arch_d32_l3/cv_fold2.pkl
15:23:18 FOLD 3/5 start | train delayed 3944 | test delayed 786 | test days ['2026-03-10', '2026-03-13', '2026-03-15', '2026-03-16', '2026-03-29']
15:23:18   [Phase 1] training autoencoder...
15:23:46     final AE MSE train=0.32996 val=0.33728
15:23:47   training AE+MLP...
15:23:49   training AE+XGBoost...
15:23:53   training AE+RF...
15:23:55   training AE+LR...
15:23:56   training AE+LSTM (latent sequence)...
15:24:08   training AE+GRU (latent sequence)...
15:24:19     AE+MLP      F1 0.493 ROC-AUC 0.806
15:24:19     AE+XGBoost  F1 0.529 ROC-AUC 0.819
15:24:19     AE+RF       F1 0.518 ROC-AUC 0.809
15:24:19     AE+LR       F1 0.481 ROC-AUC 0.792
15:24:19     AE+LSTM     F1 0.499 ROC-AUC 0.813
15:24:19     AE+GRU      F1 0.494 ROC-AUC 0.809
15:24:19 FOLD 3/5 done -> ./artifacts_arch_d32_l3/cv_fold3.pkl
15:24:19 FOLD 4/5 start | train delayed 3610 | test delayed 1120 | test days ['2026-03-11', '2026-03-12', '2026-03-26']
15:24:19   [Phase 1] training autoencoder...
15:24:47     final AE MSE train=0.33066 val=0.27596
15:24:48   training AE+MLP...
15:24:50   training AE+XGBoost...
15:24:52   training AE+RF...
15:24:54   training AE+LR...
15:24:54   training AE+LSTM (latent sequence)...
15:25:06   training AE+GRU (latent sequence)...
15:25:18     AE+MLP      F1 0.607 ROC-AUC 0.846
15:25:18     AE+XGBoost  F1 0.630 ROC-AUC 0.853
15:25:18     AE+RF       F1 0.632 ROC-AUC 0.853
15:25:18     AE+LR       F1 0.593 ROC-AUC 0.825
15:25:18     AE+LSTM     F1 0.607 ROC-AUC 0.844
15:25:18     AE+GRU      F1 0.589 ROC-AUC 0.845
15:25:18 FOLD 4/5 done -> ./artifacts_arch_d32_l3/cv_fold4.pkl
15:25:18 FOLD 5/5 start | train delayed 3739 | test delayed 991 | test days ['2026-03-17', '2026-03-23', '2026-03-24', '2026-03-31']
15:25:18   [Phase 1] training autoencoder...
15:25:46     final AE MSE train=0.33442 val=1.24366
15:25:47   training AE+MLP...
15:25:49   training AE+XGBoost...
15:25:50   training AE+RF...
15:25:52   training AE+LR...
15:25:53   training AE+LSTM (latent sequence)...
15:26:04   training AE+GRU (latent sequence)...
15:26:16     AE+MLP      F1 0.554 ROC-AUC 0.811
15:26:16     AE+XGBoost  F1 0.586 ROC-AUC 0.821
15:26:16     AE+RF       F1 0.575 ROC-AUC 0.831
15:26:16     AE+LR       F1 0.555 ROC-AUC 0.801
15:26:16     AE+LSTM     F1 0.567 ROC-AUC 0.806
15:26:16     AE+GRU      F1 0.557 ROC-AUC 0.804
15:26:16 FOLD 5/5 done -> ./artifacts_arch_d32_l3/cv_fold5.pkl
15:26:16 CV complete
