14:33:16 CV start — 20 service days, 5 folds, N=22417
14:33:16 FOLD 1/5 start | train delayed 3640 | test delayed 959 | test days ['2026-03-14', '2026-03-20', '2026-03-22', '2026-03-25']
14:33:16   [Phase 1] training autoencoder...
14:33:46     final AE MSE train=0.34008 val=0.32320
14:33:47   training AE+MLP...
14:33:49   training AE+XGBoost...
14:33:58   training AE+RF...
14:34:00   training AE+LR...
14:34:02   training AE+LSTM (latent sequence)...
14:34:13   training AE+GRU (latent sequence)...
14:34:24     AE+MLP      F1 0.563 ROC-AUC 0.826
14:34:24     AE+XGBoost  F1 0.571 ROC-AUC 0.836
14:34:24     AE+RF       F1 0.554 ROC-AUC 0.835
14:34:24     AE+LR       F1 0.539 ROC-AUC 0.810
14:34:24     AE+LSTM     F1 0.549 ROC-AUC 0.826
14:34:24     AE+GRU      F1 0.564 ROC-AUC 0.836
14:34:24 FOLD 1/5 done -> ./artifacts_ae_cnn_merged/cv_fold1.pkl
14:34:24 FOLD 2/5 start | train delayed 3829 | test delayed 770 | test days ['2026-03-10', '2026-03-13', '2026-03-15', '2026-03-16', '2026-03-29']
14:34:24   [Phase 1] training autoencoder...
14:34:53     final AE MSE train=0.33026 val=0.32973
14:34:54   training AE+MLP...
14:34:57   training AE+XGBoost...
14:35:12   training AE+RF...
14:35:14   training AE+LR...
14:35:16   training AE+LSTM (latent sequence)...
14:35:28   training AE+GRU (latent sequence)...
14:35:39     AE+MLP      F1 0.484 ROC-AUC 0.798
14:35:39     AE+XGBoost  F1 0.523 ROC-AUC 0.816
14:35:39     AE+RF       F1 0.504 ROC-AUC 0.808
14:35:39     AE+LR       F1 0.478 ROC-AUC 0.790
14:35:39     AE+LSTM     F1 0.494 ROC-AUC 0.809
14:35:39     AE+GRU      F1 0.513 ROC-AUC 0.816
14:35:39 FOLD 2/5 done -> ./artifacts_ae_cnn_merged/cv_fold2.pkl
14:35:39 FOLD 3/5 start | train delayed 3650 | test delayed 949 | test days ['2026-03-23', '2026-03-24', '2026-03-28', '2026-03-31']
14:35:39   [Phase 1] training autoencoder...
14:36:08     final AE MSE train=0.33236 val=1.22751
14:36:09   training AE+MLP...
14:36:11   training AE+XGBoost...
14:36:18   training AE+RF...
14:36:20   training AE+LR...
14:36:21   training AE+LSTM (latent sequence)...
14:36:33   training AE+GRU (latent sequence)...
14:36:44     AE+MLP      F1 0.533 ROC-AUC 0.798
14:36:44     AE+XGBoost  F1 0.558 ROC-AUC 0.813
14:36:44     AE+RF       F1 0.562 ROC-AUC 0.832
14:36:44     AE+LR       F1 0.517 ROC-AUC 0.794
14:36:44     AE+LSTM     F1 0.537 ROC-AUC 0.808
14:36:44     AE+GRU      F1 0.549 ROC-AUC 0.816
14:36:44 FOLD 3/5 done -> ./artifacts_ae_cnn_merged/cv_fold3.pkl
14:36:44 FOLD 4/5 start | train delayed 3515 | test delayed 1084 | test days ['2026-03-11', '2026-03-12', '2026-03-26']
14:36:45   [Phase 1] training autoencoder...
14:37:14     final AE MSE train=0.33471 val=0.27491
14:37:15   training AE+MLP...
14:37:17   training AE+XGBoost...
14:37:37   training AE+RF...
14:37:39   training AE+LR...
14:37:41   training AE+LSTM (latent sequence)...
14:37:53   training AE+GRU (latent sequence)...
14:38:05     AE+MLP      F1 0.602 ROC-AUC 0.847
14:38:05     AE+XGBoost  F1 0.641 ROC-AUC 0.858
14:38:05     AE+RF       F1 0.631 ROC-AUC 0.858
14:38:05     AE+LR       F1 0.612 ROC-AUC 0.836
14:38:05     AE+LSTM     F1 0.604 ROC-AUC 0.850
14:38:05     AE+GRU      F1 0.625 ROC-AUC 0.852
14:38:05 FOLD 4/5 done -> ./artifacts_ae_cnn_merged/cv_fold4.pkl
14:38:05 FOLD 5/5 start | train delayed 3762 | test delayed 837 | test days ['2026-03-17', '2026-03-21', '2026-03-27', '2026-03-30']
14:38:05   [Phase 1] training autoencoder...
14:38:34     final AE MSE train=0.33455 val=0.28218
14:38:34   training AE+MLP...
14:38:36   training AE+XGBoost...
14:38:40   training AE+RF...
14:38:42   training AE+LR...
14:38:44   training AE+LSTM (latent sequence)...
14:38:56   training AE+GRU (latent sequence)...
14:39:07     AE+MLP      F1 0.554 ROC-AUC 0.840
14:39:07     AE+XGBoost  F1 0.593 ROC-AUC 0.860
14:39:07     AE+RF       F1 0.592 ROC-AUC 0.858
14:39:07     AE+LR       F1 0.533 ROC-AUC 0.832
14:39:07     AE+LSTM     F1 0.549 ROC-AUC 0.843
14:39:07     AE+GRU      F1 0.555 ROC-AUC 0.846
14:39:07 FOLD 5/5 done -> ./artifacts_ae_cnn_merged/cv_fold5.pkl
14:39:07 CV complete
