15:17:27 CV start — 20 service days, 5 folds, N=22605
15:17:27 FOLD 1/5 start | train delayed 3784 | test delayed 946 | test days ['2026-03-20', '2026-03-21', '2026-03-27', '2026-03-30']
15:17:28   [Phase 1] training autoencoder...
15:25:49     final AE MSE train=0.33280 val=0.29379
15:25:53   training AE+MLP...
15:25:57   training AE+XGBoost...
15:25:59   training AE+RF...
15:26:03   training AE+LR...
15:26:05   training AE+LSTM (latent sequence)...
15:35:01   training AE+GRU (latent sequence)...
15:40:11     AE+MLP      F1 0.565 ROC-AUC 0.836
15:40:11     AE+XGBoost  F1 0.585 ROC-AUC 0.846
15:40:11     AE+RF       F1 0.576 ROC-AUC 0.847
15:40:11     AE+LR       F1 0.541 ROC-AUC 0.823
15:40:11     AE+LSTM     F1 0.569 ROC-AUC 0.836
15:40:11     AE+GRU      F1 0.566 ROC-AUC 0.843
15:40:11 FOLD 1/5 done -> ./artifacts_ae_cnn/cv_fold1.pkl
15:40:11 FOLD 2/5 start | train delayed 3843 | test delayed 887 | test days ['2026-03-14', '2026-03-22', '2026-03-25', '2026-03-28']
15:40:12   [Phase 1] training autoencoder...
15:48:15     final AE MSE train=0.34058 val=0.31781
15:48:19   training AE+MLP...
15:48:22   training AE+XGBoost...
15:48:24   training AE+RF...
15:48:29   training AE+LR...
15:48:30   training AE+LSTM (latent sequence)...
15:57:19   training AE+GRU (latent sequence)...
16:02:27     AE+MLP      F1 0.534 ROC-AUC 0.828
16:02:27     AE+XGBoost  F1 0.566 ROC-AUC 0.840
16:02:27     AE+RF       F1 0.549 ROC-AUC 0.839
16:02:27     AE+LR       F1 0.536 ROC-AUC 0.816
16:02:27     AE+LSTM     F1 0.537 ROC-AUC 0.832
16:02:27     AE+GRU      F1 0.551 ROC-AUC 0.834
16:02:27 FOLD 2/5 done -> ./artifacts_ae_cnn/cv_fold2.pkl
16:02:27 FOLD 3/5 start | train delayed 3944 | test delayed 786 | test days ['2026-03-10', '2026-03-13', '2026-03-15', '2026-03-16', '2026-03-29']
16:02:27   [Phase 1] training autoencoder...
16:10:25     final AE MSE train=0.32620 val=0.32547
16:10:29   training AE+MLP...
16:10:33   training AE+XGBoost...
16:10:34   training AE+RF...
16:10:39   training AE+LR...
16:10:41   training AE+LSTM (latent sequence)...
16:19:22   training AE+GRU (latent sequence)...
16:24:24     AE+MLP      F1 0.501 ROC-AUC 0.808
16:24:24     AE+XGBoost  F1 0.527 ROC-AUC 0.822
16:24:24     AE+RF       F1 0.527 ROC-AUC 0.818
16:24:24     AE+LR       F1 0.486 ROC-AUC 0.793
16:24:24     AE+LSTM     F1 0.505 ROC-AUC 0.808
16:24:24     AE+GRU      F1 0.484 ROC-AUC 0.814
16:24:24 FOLD 3/5 done -> ./artifacts_ae_cnn/cv_fold3.pkl
16:24:24 FOLD 4/5 start | train delayed 3610 | test delayed 1120 | test days ['2026-03-11', '2026-03-12', '2026-03-26']
16:24:24   [Phase 1] training autoencoder...
16:32:16     final AE MSE train=0.33009 val=0.27624
16:32:20   training AE+MLP...
16:32:24   training AE+XGBoost...
16:32:25   training AE+RF...
16:32:30   training AE+LR...
16:32:31   training AE+LSTM (latent sequence)...
16:41:45   training AE+GRU (latent sequence)...
16:46:58     AE+MLP      F1 0.600 ROC-AUC 0.850
16:46:58     AE+XGBoost  F1 0.633 ROC-AUC 0.860
16:46:58     AE+RF       F1 0.631 ROC-AUC 0.859
16:46:58     AE+LR       F1 0.600 ROC-AUC 0.829
16:46:58     AE+LSTM     F1 0.615 ROC-AUC 0.850
16:46:58     AE+GRU      F1 0.618 ROC-AUC 0.854
16:46:58 FOLD 4/5 done -> ./artifacts_ae_cnn/cv_fold4.pkl
16:46:58 FOLD 5/5 start | train delayed 3739 | test delayed 991 | test days ['2026-03-17', '2026-03-23', '2026-03-24', '2026-03-31']
16:46:59   [Phase 1] training autoencoder...
16:54:56     final AE MSE train=0.33745 val=1.11114
16:54:59   training AE+MLP...
16:55:03   training AE+XGBoost...
16:55:05   training AE+RF...
16:55:09   training AE+LR...
16:55:12   training AE+LSTM (latent sequence)...
17:03:53   training AE+GRU (latent sequence)...
17:09:02     AE+MLP      F1 0.538 ROC-AUC 0.799
17:09:02     AE+XGBoost  F1 0.596 ROC-AUC 0.823
17:09:02     AE+RF       F1 0.587 ROC-AUC 0.833
17:09:02     AE+LR       F1 0.544 ROC-AUC 0.795
17:09:02     AE+LSTM     F1 0.556 ROC-AUC 0.802
17:09:02     AE+GRU      F1 0.540 ROC-AUC 0.797
17:09:02 FOLD 5/5 done -> ./artifacts_ae_cnn/cv_fold5.pkl
17:09:02 CV complete
