17:19:28 CV start — 20 service days, 5 folds, N=22605
17:19:28 FOLD 1/5 start | train delayed 3784 | test delayed 946 | test days ['2026-03-20', '2026-03-21', '2026-03-27', '2026-03-30']
17:19:28   [Phase 1] training autoencoder...
17:19:58     final AE MSE train=0.34090 val=0.30555
17:19:59   training AE+MLP...
17:20:01   training AE+XGBoost...
17:20:05   training AE+RF...
17:20:07   training AE+LR...
17:20:08   training AE+LSTM (latent sequence)...
17:20:20   training AE+GRU (latent sequence)...
17:20:32     AE+MLP      F1 0.547 ROC-AUC 0.842
17:20:32     AE+XGBoost  F1 0.592 ROC-AUC 0.852
17:20:32     AE+RF       F1 0.578 ROC-AUC 0.848
17:20:32     AE+LR       F1 0.537 ROC-AUC 0.822
17:20:32     AE+LSTM     F1 0.546 ROC-AUC 0.835
17:20:32     AE+GRU      F1 0.562 ROC-AUC 0.838
17:20:32 FOLD 1/5 done -> ./artifacts_ae_cnn_norain/cv_fold1.pkl
17:20:32 FOLD 2/5 start | train delayed 3843 | test delayed 887 | test days ['2026-03-14', '2026-03-22', '2026-03-25', '2026-03-28']
17:20:32   [Phase 1] training autoencoder...
17:21:01     final AE MSE train=0.34897 val=0.33146
17:21:02   training AE+MLP...
17:21:04   training AE+XGBoost...
17:21:09   training AE+RF...
17:21:11   training AE+LR...
17:21:12   training AE+LSTM (latent sequence)...
17:21:24   training AE+GRU (latent sequence)...
17:21:36     AE+MLP      F1 0.540 ROC-AUC 0.829
17:21:36     AE+XGBoost  F1 0.563 ROC-AUC 0.838
17:21:36     AE+RF       F1 0.543 ROC-AUC 0.838
17:21:36     AE+LR       F1 0.524 ROC-AUC 0.811
17:21:36     AE+LSTM     F1 0.526 ROC-AUC 0.826
17:21:36     AE+GRU      F1 0.520 ROC-AUC 0.825
17:21:36 FOLD 2/5 done -> ./artifacts_ae_cnn_norain/cv_fold2.pkl
17:21:36 FOLD 3/5 start | train delayed 3944 | test delayed 786 | test days ['2026-03-10', '2026-03-13', '2026-03-15', '2026-03-16', '2026-03-29']
17:21:36   [Phase 1] training autoencoder...
17:22:05     final AE MSE train=0.33697 val=0.34253
17:22:06   training AE+MLP...
17:22:08   training AE+XGBoost...
17:22:11   training AE+RF...
17:22:13   training AE+LR...
17:22:14   training AE+LSTM (latent sequence)...
17:22:26   training AE+GRU (latent sequence)...
17:22:38     AE+MLP      F1 0.498 ROC-AUC 0.812
17:22:38     AE+XGBoost  F1 0.525 ROC-AUC 0.820
17:22:38     AE+RF       F1 0.517 ROC-AUC 0.818
17:22:38     AE+LR       F1 0.488 ROC-AUC 0.793
17:22:38     AE+LSTM     F1 0.502 ROC-AUC 0.810
17:22:38     AE+GRU      F1 0.489 ROC-AUC 0.813
17:22:38 FOLD 3/5 done -> ./artifacts_ae_cnn_norain/cv_fold3.pkl
17:22:38 FOLD 4/5 start | train delayed 3610 | test delayed 1120 | test days ['2026-03-11', '2026-03-12', '2026-03-26']
17:22:38   [Phase 1] training autoencoder...
17:23:07     final AE MSE train=0.33648 val=0.28553
17:23:08   training AE+MLP...
17:23:10   training AE+XGBoost...
17:23:15   training AE+RF...
17:23:17   training AE+LR...
17:23:19   training AE+LSTM (latent sequence)...
17:23:30   training AE+GRU (latent sequence)...
17:23:42     AE+MLP      F1 0.621 ROC-AUC 0.853
17:23:42     AE+XGBoost  F1 0.627 ROC-AUC 0.852
17:23:42     AE+RF       F1 0.629 ROC-AUC 0.855
17:23:42     AE+LR       F1 0.610 ROC-AUC 0.832
17:23:42     AE+LSTM     F1 0.614 ROC-AUC 0.849
17:23:42     AE+GRU      F1 0.625 ROC-AUC 0.856
17:23:42 FOLD 4/5 done -> ./artifacts_ae_cnn_norain/cv_fold4.pkl
17:23:42 FOLD 5/5 start | train delayed 3739 | test delayed 991 | test days ['2026-03-17', '2026-03-23', '2026-03-24', '2026-03-31']
17:23:42   [Phase 1] training autoencoder...
17:24:11     final AE MSE train=0.34153 val=0.27779
17:24:12   training AE+MLP...
17:24:14   training AE+XGBoost...
17:24:18   training AE+RF...
17:24:20   training AE+LR...
17:24:21   training AE+LSTM (latent sequence)...
17:24:33   training AE+GRU (latent sequence)...
17:24:44     AE+MLP      F1 0.570 ROC-AUC 0.829
17:24:44     AE+XGBoost  F1 0.601 ROC-AUC 0.837
17:24:44     AE+RF       F1 0.597 ROC-AUC 0.849
17:24:44     AE+LR       F1 0.550 ROC-AUC 0.802
17:24:44     AE+LSTM     F1 0.581 ROC-AUC 0.817
17:24:44     AE+GRU      F1 0.564 ROC-AUC 0.828
17:24:44 FOLD 5/5 done -> ./artifacts_ae_cnn_norain/cv_fold5.pkl
17:24:44 CV complete
