06:50:27 CV start — 20 service days, 5 folds, N=22605
06:50:27 FOLD 1/5 start | train delayed 3784 | test delayed 946 | test days ['2026-03-20', '2026-03-21', '2026-03-27', '2026-03-30']
06:50:28   [Phase 1] training autoencoder...
06:50:57     final AE MSE train=0.32474 val=0.27728
06:50:58   training AE+MLP...
06:51:00   training AE+XGBoost...
06:51:05   training AE+RF...
06:51:07   training AE+LR...
06:51:08   training AE+LSTM (latent sequence)...
06:51:20   training AE+GRU (latent sequence)...
06:51:31     AE+MLP      F1 0.772 ROC-AUC 0.969
06:51:31     AE+XGBoost  F1 0.791 ROC-AUC 0.967
06:51:31     AE+RF       F1 0.754 ROC-AUC 0.945
06:51:31     AE+LR       F1 0.747 ROC-AUC 0.957
06:51:31     AE+LSTM     F1 0.777 ROC-AUC 0.971
06:51:31     AE+GRU      F1 0.763 ROC-AUC 0.973
06:51:31 FOLD 1/5 done -> ./artifacts_e5_startdev/cv_fold1.pkl
06:51:31 FOLD 2/5 start | train delayed 3843 | test delayed 887 | test days ['2026-03-14', '2026-03-22', '2026-03-25', '2026-03-28']
06:51:32   [Phase 1] training autoencoder...
06:52:01     final AE MSE train=0.32885 val=0.30514
06:52:02   training AE+MLP...
06:52:04   training AE+XGBoost...
06:52:08   training AE+RF...
06:52:10   training AE+LR...
06:52:11   training AE+LSTM (latent sequence)...
06:52:23   training AE+GRU (latent sequence)...
06:52:34     AE+MLP      F1 0.772 ROC-AUC 0.958
06:52:34     AE+XGBoost  F1 0.750 ROC-AUC 0.946
06:52:34     AE+RF       F1 0.690 ROC-AUC 0.918
06:52:34     AE+LR       F1 0.749 ROC-AUC 0.946
06:52:34     AE+LSTM     F1 0.751 ROC-AUC 0.961
06:52:34     AE+GRU      F1 0.735 ROC-AUC 0.962
06:52:34 FOLD 2/5 done -> ./artifacts_e5_startdev/cv_fold2.pkl
06:52:34 FOLD 3/5 start | train delayed 3944 | test delayed 786 | test days ['2026-03-10', '2026-03-13', '2026-03-15', '2026-03-16', '2026-03-29']
06:52:35   [Phase 1] training autoencoder...
06:53:04     final AE MSE train=0.31859 val=0.31323
06:53:04   training AE+MLP...
06:53:07   training AE+XGBoost...
06:53:14   training AE+RF...
06:53:16   training AE+LR...
06:53:17   training AE+LSTM (latent sequence)...
06:53:29   training AE+GRU (latent sequence)...
06:53:41     AE+MLP      F1 0.748 ROC-AUC 0.961
06:53:41     AE+XGBoost  F1 0.747 ROC-AUC 0.954
06:53:41     AE+RF       F1 0.683 ROC-AUC 0.924
06:53:41     AE+LR       F1 0.711 ROC-AUC 0.946
06:53:41     AE+LSTM     F1 0.744 ROC-AUC 0.962
06:53:41     AE+GRU      F1 0.715 ROC-AUC 0.961
06:53:41 FOLD 3/5 done -> ./artifacts_e5_startdev/cv_fold3.pkl
06:53:41 FOLD 4/5 start | train delayed 3610 | test delayed 1120 | test days ['2026-03-11', '2026-03-12', '2026-03-26']
06:53:41   [Phase 1] training autoencoder...
06:54:10     final AE MSE train=0.31924 val=0.26047
06:54:11   training AE+MLP...
06:54:13   training AE+XGBoost...
06:54:17   training AE+RF...
06:54:19   training AE+LR...
06:54:20   training AE+LSTM (latent sequence)...
06:54:32   training AE+GRU (latent sequence)...
06:54:44     AE+MLP      F1 0.827 ROC-AUC 0.968
06:54:44     AE+XGBoost  F1 0.844 ROC-AUC 0.971
06:54:44     AE+RF       F1 0.808 ROC-AUC 0.958
06:54:44     AE+LR       F1 0.804 ROC-AUC 0.958
06:54:44     AE+LSTM     F1 0.819 ROC-AUC 0.970
06:54:44     AE+GRU      F1 0.801 ROC-AUC 0.970
06:54:44 FOLD 4/5 done -> ./artifacts_e5_startdev/cv_fold4.pkl
06:54:44 FOLD 5/5 start | train delayed 3739 | test delayed 991 | test days ['2026-03-17', '2026-03-23', '2026-03-24', '2026-03-31']
06:54:44   [Phase 1] training autoencoder...
06:55:13     final AE MSE train=0.32791 val=1.21485
06:55:14   training AE+MLP...
06:55:16   training AE+XGBoost...
06:55:26   training AE+RF...
06:55:28   training AE+LR...
06:55:29   training AE+LSTM (latent sequence)...
06:55:41   training AE+GRU (latent sequence)...
06:55:53     AE+MLP      F1 0.790 ROC-AUC 0.968
06:55:53     AE+XGBoost  F1 0.819 ROC-AUC 0.968
06:55:53     AE+RF       F1 0.804 ROC-AUC 0.959
06:55:53     AE+LR       F1 0.783 ROC-AUC 0.964
06:55:53     AE+LSTM     F1 0.782 ROC-AUC 0.968
06:55:53     AE+GRU      F1 0.793 ROC-AUC 0.969
06:55:53 FOLD 5/5 done -> ./artifacts_e5_startdev/cv_fold5.pkl
06:55:53 CV complete
